<?xml version="1.0" encoding="UTF-8" standalone="yes"?>
<testsuites>
  <testsuite name="selenium run" tests="1" failure="0" timestamp="2021-11-08T21:39:49.004Z" skipped="0" failure-evaluating="0">
    <testcase name="Test_Create&amp;Download_Deposit summary report - 1 / 1 Data set" classname="testim.io.test" time="59.79" ownedBy="Ronald" ownerEmail="rcubillo@fortresstech.net">
        <skipped/>
    </testcase>
  </testsuite>
</testsuites>
